SQL Server parse and compile time: 
   CPU time = 16 ms, elapsed time = 178 ms.

 SQL Server Execution Times:
   CPU time = 0 ms,  elapsed time = 0 ms.

 SQL Server Execution Times:
   CPU time = 0 ms,  elapsed time = 0 ms.

 SQL Server-körningstider: 
   Processortid = 0 ms, förfluten tid = 0 ms.
Analys- och kompileringstid: 
  processortid = 15 ms, förfluten tid = 16 ms.

 SQL Server-körningstider: 
   Processortid = 7297 ms, förfluten tid = 8375 ms.
Analys- och kompileringstid: 
  processortid = 0 ms, förfluten tid = 0 ms.

 SQL Server-körningstider: 
   Processortid = 0 ms, förfluten tid = 4 ms.
Analys- och kompileringstid: 
  processortid = 0 ms, förfluten tid = 0 ms.

 SQL Server-körningstider: 
   Processortid = 0 ms, förfluten tid = 3 ms.
Analys- och kompileringstid: 
  processortid = 0 ms, förfluten tid = 0 ms.

 SQL Server-körningstider: 
   Processortid = 0 ms, förfluten tid = 0 ms.
Analys- och kompileringstid: 
  processortid = 0 ms, förfluten tid = 0 ms.

 SQL Server-körningstider: 
   Processortid = 16 ms, förfluten tid = 4 ms.

 SQL Server Execution Times:
   CPU time = 7344 ms,  elapsed time = 8585 ms.

(1 row(s) affected)

 SQL Server Execution Times:
   CPU time = 0 ms,  elapsed time = 0 ms.
