SQL Server parse and compile time: 
   CPU time = 32 ms, elapsed time = 50 ms.
Table 'EXT_ITEM_VARIANTS'. Scan count 39754, logical reads 832967, physical reads 0, read-ahead reads 0, lob logical reads 0, lob physical reads 0, lob read-ahead reads 0.
Table 'EXT_ITEM'. Scan count 1, logical reads 825603, physical reads 0, read-ahead reads 0, lob logical reads 0, lob physical reads 0, lob read-ahead reads 0.
Table 'EXT_REPORT_HEADER'. Scan count 0, logical reads 470540, physical reads 0, read-ahead reads 0, lob logical reads 0, lob physical reads 0, lob read-ahead reads 0.
Table 'EXT_REPORT_RESULT_2_5'. Scan count 0, logical reads 734566, physical reads 0, read-ahead reads 0, lob logical reads 0, lob physical reads 0, lob read-ahead reads 0.
Table 'EXT_HISTORY_MASTER'. Scan count 2257991, logical reads 20336741, physical reads 51, read-ahead reads 5957, lob logical reads 0, lob physical reads 0, lob read-ahead reads 0.
Table 'EXT_ITEM_LEDGER_ENTRY'. Scan count 234290, logical reads 1242358, physical reads 0, read-ahead reads 0, lob logical reads 0, lob physical reads 0, lob read-ahead reads 0.
Table 'EXT_ITEM_GROUP'. Scan count 0, logical reads 79508, physical reads 0, read-ahead reads 0, lob logical reads 0, lob physical reads 0, lob read-ahead reads 0.

 SQL Server Execution Times:
   CPU time = 34656 ms,  elapsed time = 53550 ms.

(235270 row(s) affected)
SQL Server parse and compile time: 
   CPU time = 172 ms, elapsed time = 218 ms.
Table 'EXT_REPORT_RESULT_2_5'. Scan count 1, logical reads 54434, physical reads 0, read-ahead reads 0, lob logical reads 0, lob physical reads 0, lob read-ahead reads 0.
Table 'Worktable'. Scan count 1151702, logical reads 45656649, physical reads 0, read-ahead reads 0, lob logical reads 0, lob physical reads 0, lob read-ahead reads 0.
Table 'EXT_HISTORY_MASTER'. Scan count 1, logical reads 605680, physical reads 128, read-ahead reads 388406, lob logical reads 0, lob physical reads 0, lob read-ahead reads 0.

 SQL Server Execution Times:
   CPU time = 56375 ms,  elapsed time = 62992 ms.

(1151702 row(s) affected)
SQL Server parse and compile time: 
   CPU time = 0 ms, elapsed time = 3 ms.
Table 'EXT_REPORT_RESULT_2_5'. Scan count 1, logical reads 3607409, physical reads 0, read-ahead reads 0, lob logical reads 0, lob physical reads 0, lob read-ahead reads 0.
Table 'EXT_ITEM_LEDGER_ENTRY'. Scan count 1151702, logical reads 8434793, physical reads 0, read-ahead reads 0, lob logical reads 0, lob physical reads 0, lob read-ahead reads 0.

 SQL Server Execution Times:
   CPU time = 38515 ms,  elapsed time = 38718 ms.

(1151702 row(s) affected)
SQL Server parse and compile time: 
   CPU time = 9 ms, elapsed time = 9 ms.
Table 'EXT_REPORT_RESULT_2_5'. Scan count 1, logical reads 54434, physical reads 0, read-ahead reads 0, lob logical reads 0, lob physical reads 0, lob read-ahead reads 0.
Table 'EXT_SALES_HEADER'. Scan count 4198883, logical reads 8421667, physical reads 0, read-ahead reads 0, lob logical reads 0, lob physical reads 0, lob read-ahead reads 0.
Table 'Worktable'. Scan count 1151702, logical reads 6850361, physical reads 0, read-ahead reads 0, lob logical reads 0, lob physical reads 0, lob read-ahead reads 0.
Table 'EXT_SALES_LINE'. Scan count 1, logical reads 43068, physical reads 0, read-ahead reads 42866, lob logical reads 0, lob physical reads 0, lob read-ahead reads 0.

 SQL Server Execution Times:
   CPU time = 43453 ms,  elapsed time = 45020 ms.

(1151702 row(s) affected)
SQL Server parse and compile time: 
   CPU time = 125 ms, elapsed time = 160 ms.
Table 'EXT_REPORT_RESULT_2_5'. Scan count 9, logical reads 517564, physical reads 0, read-ahead reads 0, lob logical reads 0, lob physical reads 0, lob read-ahead reads 0.

 SQL Server Execution Times:
   CPU time = 563 ms,  elapsed time = 659 ms.

(151958 row(s) affected)
SQL Server parse and compile time: 
   CPU time = 0 ms, elapsed time = 2 ms.
Table 'EXT_REPORT_RESULT_2_5'. Scan count 1, logical reads 53187, physical reads 0, read-ahead reads 0, lob logical reads 0, lob physical reads 0, lob read-ahead reads 0.

 SQL Server Execution Times:
   CPU time = 687 ms,  elapsed time = 729 ms.

(999744 row(s) affected)

 SQL Server Execution Times:
   CPU time = 174594 ms,  elapsed time = 202116 ms.

(1 row(s) affected)

 SQL Server Execution Times:
   CPU time = 0 ms,  elapsed time = 0 ms.
SQL Server parse and compile time: 
   CPU time = 0 ms, elapsed time = 0 ms.

 SQL Server Execution Times:
   CPU time = 0 ms,  elapsed time = 0 ms.
