SQL Server parse and compile time: 
   CPU time = 0 ms, elapsed time = 0 ms.

 SQL Server Execution Times:
   CPU time = 0 ms,  elapsed time = 0 ms.

 SQL Server Execution Times:
   CPU time = 119998 ms,  elapsed time = 58632 ms.
SQL Server parse and compile time: 
   CPU time = 134 ms, elapsed time = 134 ms.

 SQL Server Execution Times:
   CPU time = 138453 ms,  elapsed time = 138810 ms.
SQL Server parse and compile time: 
   CPU time = 0 ms, elapsed time = 3 ms.

 SQL Server Execution Times:
   CPU time = 23953 ms,  elapsed time = 24090 ms.
SQL Server parse and compile time: 
   CPU time = 0 ms, elapsed time = 8 ms.

 SQL Server Execution Times:
   CPU time = 26047 ms,  elapsed time = 26120 ms.
SQL Server parse and compile time: 
   CPU time = 6 ms, elapsed time = 6 ms.

 SQL Server Execution Times:
   CPU time = 50891 ms,  elapsed time = 51313 ms.
SQL Server parse and compile time: 
   CPU time = 125 ms, elapsed time = 156 ms.

 SQL Server Execution Times:
   CPU time = 455 ms,  elapsed time = 1495 ms.

 SQL Server Execution Times:
   CPU time = 360078 ms,  elapsed time = 300774 ms.

(1 row(s) affected)

 SQL Server Execution Times:
   CPU time = 0 ms,  elapsed time = 0 ms.
