SQL Server parse and compile time: 
   CPU time = 0 ms, elapsed time = 0 ms.

 SQL Server Execution Times:
   CPU time = 0 ms,  elapsed time = 0 ms.
SQL Server parse and compile time: 
   CPU time = 0 ms, elapsed time = 0 ms.

 SQL Server Execution Times:
   CPU time = 0 ms,  elapsed time = 0 ms.
SQL Server parse and compile time: 
   CPU time = 0 ms, elapsed time = 0 ms.

 SQL Server Execution Times:
   CPU time = 0 ms,  elapsed time = 0 ms.

 SQL Server Execution Times:
   CPU time = 9344 ms,  elapsed time = 14595 ms.

 SQL Server Execution Times:
   CPU time = 640 ms,  elapsed time = 2321 ms.
SQL Server parse and compile time: 
   CPU time = 32 ms, elapsed time = 1859 ms.

 SQL Server Execution Times:
   CPU time = 3781 ms,  elapsed time = 4186 ms.

 SQL Server Execution Times:
   CPU time = 0 ms,  elapsed time = 0 ms.
SQL Server parse and compile time: 
   CPU time = 31 ms, elapsed time = 271 ms.

 SQL Server Execution Times:
   CPU time = 1641 ms,  elapsed time = 1742 ms.

 SQL Server Execution Times:
   CPU time = 15469 ms,  elapsed time = 24976 ms.

(1 row(s) affected)

 SQL Server Execution Times:
   CPU time = 0 ms,  elapsed time = 0 ms.
