SQL Server parse and compile time: 
   CPU time = 0 ms, elapsed time = 0 ms.

 SQL Server Execution Times:
   CPU time = 40218 ms,  elapsed time = 769975 ms.

(235270 row(s) affected)
SQL Server parse and compile time: 
   CPU time = 157 ms, elapsed time = 1297 ms.

 SQL Server Execution Times:
   CPU time = 52312 ms,  elapsed time = 58509 ms.

(735142 row(s) affected)
SQL Server parse and compile time: 
   CPU time = 0 ms, elapsed time = 4 ms.

 SQL Server Execution Times:
   CPU time = 25594 ms,  elapsed time = 27471 ms.

(735142 row(s) affected)
SQL Server parse and compile time: 
   CPU time = 0 ms, elapsed time = 9 ms.

 SQL Server Execution Times:
   CPU time = 31797 ms,  elapsed time = 34729 ms.

(735142 row(s) affected)
SQL Server parse and compile time: 
   CPU time = 140 ms, elapsed time = 433 ms.

 SQL Server Execution Times:
   CPU time = 264 ms,  elapsed time = 1047 ms.

(151958 row(s) affected)
SQL Server parse and compile time: 
   CPU time = 16 ms, elapsed time = 37 ms.

 SQL Server Execution Times:
   CPU time = 437 ms,  elapsed time = 809 ms.

(583184 row(s) affected)

 SQL Server Execution Times:
   CPU time = 150935 ms,  elapsed time = 894326 ms.

(1 row(s) affected)

 SQL Server Execution Times:
   CPU time = 0 ms,  elapsed time = 0 ms.
